CONFIRMATION_START Wed Sep  9 04:54:39 UTC 2026
1/128 index=1638 verified=False
2/128 index=774 verified=False
3/128 index=174 verified=True
4/128 index=337 verified=False
5/128 index=1265 verified=False
6/128 index=1709 verified=False
7/128 index=1119 verified=False
8/128 index=1386 verified=False
9/128 index=1275 verified=False
10/128 index=1782 verified=False
11/128 index=1586 verified=True
12/128 index=1974 verified=False
13/128 index=146 verified=False
14/128 index=1104 verified=False
15/128 index=879 verified=True
16/128 index=1060 verified=True
17/128 index=743 verified=False
18/128 index=1100 verified=False
19/128 index=759 verified=True
20/128 index=1988 verified=False
21/128 index=1750 verified=False
22/128 index=1962 verified=False
23/128 index=646 verified=False
24/128 index=856 verified=False
25/128 index=1994 verified=False
26/128 index=1357 verified=False
27/128 index=803 verified=False
28/128 index=1494 verified=False
29/128 index=1423 verified=False
30/128 index=813 verified=False
31/128 index=1030 verified=False
32/128 index=501 verified=False
33/128 index=817 verified=False
34/128 index=919 verified=False
35/128 index=1259 verified=False
36/128 index=1995 verified=False
37/128 index=215 verified=True
38/128 index=877 verified=False
39/128 index=1140 verified=False
40/128 index=671 verified=False
41/128 index=349 verified=False
42/128 index=329 verified=False
43/128 index=1000 verified=False
44/128 index=1786 verified=False
45/128 index=1938 verified=False
46/128 index=677 verified=False
47/128 index=180 verified=False
48/128 index=1245 verified=False
49/128 index=312 verified=False
50/128 index=134 verified=False
51/128 index=1986 verified=True
52/128 index=472 verified=False
53/128 index=1683 verified=False
54/128 index=128 verified=False
55/128 index=135 verified=False
56/128 index=1565 verified=False
57/128 index=434 verified=False
58/128 index=406 verified=False
59/128 index=853 verified=False
60/128 index=1673 verified=False
61/128 index=366 verified=True
62/128 index=865 verified=False
63/128 index=24 verified=False
64/128 index=577 verified=False
65/128 index=1617 verified=False
66/128 index=1015 verified=False
67/128 index=86 verified=False
68/128 index=1145 verified=False
69/128 index=1251 verified=False
70/128 index=1302 verified=False
71/128 index=1238 verified=False
72/128 index=953 verified=False
73/128 index=1344 verified=False
74/128 index=1932 verified=False
75/128 index=1774 verified=False
76/128 index=332 verified=False
77/128 index=1976 verified=False
78/128 index=912 verified=False
79/128 index=775 verified=True
80/128 index=1729 verified=False
81/128 index=556 verified=False
82/128 index=1136 verified=False
83/128 index=1087 verified=False
84/128 index=289 verified=True
85/128 index=374 verified=False
86/128 index=251 verified=False
87/128 index=1641 verified=False
88/128 index=1294 verified=False
89/128 index=1144 verified=False
90/128 index=730 verified=False
91/128 index=1769 verified=False
92/128 index=1147 verified=False
93/128 index=1172 verified=False
94/128 index=1685 verified=False
95/128 index=1908 verified=False
96/128 index=1781 verified=False
97/128 index=1842 verified=False
98/128 index=1866 verified=False
99/128 index=1267 verified=True
100/128 index=1664 verified=False
101/128 index=1545 verified=False
102/128 index=1703 verified=False
103/128 index=520 verified=False
104/128 index=633 verified=False
105/128 index=451 verified=False
106/128 index=249 verified=False
107/128 index=1686 verified=False
108/128 index=540 verified=False
109/128 index=1106 verified=False
110/128 index=2016 verified=False
111/128 index=151 verified=False
112/128 index=783 verified=False
113/128 index=782 verified=False
114/128 index=287 verified=False
115/128 index=1044 verified=False
116/128 index=591 verified=False
117/128 index=838 verified=False
118/128 index=1720 verified=False
119/128 index=220 verified=False
120/128 index=1678 verified=False
121/128 index=806 verified=False
122/128 index=1446 verified=False
123/128 index=6 verified=False
124/128 index=172 verified=False
125/128 index=791 verified=True
126/128 index=1679 verified=False
127/128 index=212 verified=False
128/128 index=1305 verified=False
{
  "confirmed_screen_count": 12,
  "diagnostic_filtered_unfiltered_disagreement_yield": {
    "exact_95_percent_interval": null,
    "fraction": null,
    "successes": 0,
    "trials": 0
  },
  "positive_screen_count": 12,
  "primary_fixed_cohort_yield": {
    "exact_95_percent_interval": [
      0.04938549596533647,
      0.158036366525835
    ],
    "fraction": 0.09375,
    "successes": 12,
    "trials": 128
  },
  "search_status_counts": {
    "no_positive_screen": 95,
    "nonpositive_released_radius": 21,
    "positive_screen": 12
  },
  "secondary_correct_positive_radius_yield": {
    "exact_95_percent_interval": [
      0.052751513145687524,
      0.20284659191699014
    ],
    "fraction": 0.1125,
    "successes": 9,
    "trials": 80
  },
  "verified_count": 12
}
