1/128 index=1638 status=no_positive_screen
2/128 index=774 status=no_positive_screen
3/128 index=174 status=positive_screen
4/128 index=337 status=no_positive_screen
5/128 index=1265 status=nonpositive_released_radius
6/128 index=1709 status=no_positive_screen
7/128 index=1119 status=no_positive_screen
8/128 index=1386 status=no_positive_screen
9/128 index=1275 status=no_positive_screen
10/128 index=1782 status=no_positive_screen
11/128 index=1586 status=positive_screen
12/128 index=1974 status=no_positive_screen
13/128 index=146 status=no_positive_screen
14/128 index=1104 status=nonpositive_released_radius
15/128 index=879 status=positive_screen
16/128 index=1060 status=positive_screen
17/128 index=743 status=no_positive_screen
18/128 index=1100 status=nonpositive_released_radius
19/128 index=759 status=positive_screen
20/128 index=1988 status=no_positive_screen
21/128 index=1750 status=no_positive_screen
22/128 index=1962 status=nonpositive_released_radius
23/128 index=646 status=no_positive_screen
24/128 index=856 status=nonpositive_released_radius
25/128 index=1994 status=no_positive_screen
26/128 index=1357 status=no_positive_screen
27/128 index=803 status=no_positive_screen
28/128 index=1494 status=no_positive_screen
29/128 index=1423 status=no_positive_screen
30/128 index=813 status=no_positive_screen
31/128 index=1030 status=no_positive_screen
32/128 index=501 status=nonpositive_released_radius
33/128 index=817 status=no_positive_screen
34/128 index=919 status=no_positive_screen
35/128 index=1259 status=no_positive_screen
36/128 index=1995 status=nonpositive_released_radius
37/128 index=215 status=positive_screen
38/128 index=877 status=no_positive_screen
39/128 index=1140 status=no_positive_screen
40/128 index=671 status=no_positive_screen
41/128 index=349 status=no_positive_screen
42/128 index=329 status=no_positive_screen
43/128 index=1000 status=no_positive_screen
44/128 index=1786 status=no_positive_screen
45/128 index=1938 status=no_positive_screen
46/128 index=677 status=nonpositive_released_radius
47/128 index=180 status=no_positive_screen
48/128 index=1245 status=no_positive_screen
49/128 index=312 status=no_positive_screen
50/128 index=134 status=no_positive_screen
51/128 index=1986 status=positive_screen
52/128 index=472 status=no_positive_screen
53/128 index=1683 status=no_positive_screen
54/128 index=128 status=no_positive_screen
55/128 index=135 status=no_positive_screen
56/128 index=1565 status=no_positive_screen
57/128 index=434 status=no_positive_screen
58/128 index=406 status=no_positive_screen
59/128 index=853 status=no_positive_screen
60/128 index=1673 status=no_positive_screen
61/128 index=366 status=positive_screen
62/128 index=865 status=no_positive_screen
63/128 index=24 status=no_positive_screen
64/128 index=577 status=no_positive_screen
65/128 index=1617 status=nonpositive_released_radius
66/128 index=1015 status=no_positive_screen
67/128 index=86 status=nonpositive_released_radius
68/128 index=1145 status=nonpositive_released_radius
69/128 index=1251 status=no_positive_screen
70/128 index=1302 status=no_positive_screen
71/128 index=1238 status=no_positive_screen
72/128 index=953 status=no_positive_screen
73/128 index=1344 status=no_positive_screen
74/128 index=1932 status=no_positive_screen
75/128 index=1774 status=nonpositive_released_radius
76/128 index=332 status=no_positive_screen
77/128 index=1976 status=no_positive_screen
78/128 index=912 status=no_positive_screen
79/128 index=775 status=positive_screen
80/128 index=1729 status=no_positive_screen
81/128 index=556 status=nonpositive_released_radius
82/128 index=1136 status=no_positive_screen
83/128 index=1087 status=no_positive_screen
84/128 index=289 status=positive_screen
85/128 index=374 status=nonpositive_released_radius
86/128 index=251 status=no_positive_screen
87/128 index=1641 status=nonpositive_released_radius
88/128 index=1294 status=no_positive_screen
89/128 index=1144 status=nonpositive_released_radius
90/128 index=730 status=no_positive_screen
91/128 index=1769 status=no_positive_screen
92/128 index=1147 status=no_positive_screen
93/128 index=1172 status=nonpositive_released_radius
94/128 index=1685 status=no_positive_screen
95/128 index=1908 status=no_positive_screen
96/128 index=1781 status=no_positive_screen
97/128 index=1842 status=no_positive_screen
98/128 index=1866 status=no_positive_screen
99/128 index=1267 status=positive_screen
100/128 index=1664 status=no_positive_screen
101/128 index=1545 status=no_positive_screen
102/128 index=1703 status=no_positive_screen
103/128 index=520 status=no_positive_screen
104/128 index=633 status=no_positive_screen
105/128 index=451 status=no_positive_screen
106/128 index=249 status=no_positive_screen
107/128 index=1686 status=no_positive_screen
108/128 index=540 status=no_positive_screen
109/128 index=1106 status=no_positive_screen
110/128 index=2016 status=no_positive_screen
111/128 index=151 status=no_positive_screen
112/128 index=783 status=nonpositive_released_radius
113/128 index=782 status=no_positive_screen
114/128 index=287 status=no_positive_screen
115/128 index=1044 status=no_positive_screen
116/128 index=591 status=nonpositive_released_radius
117/128 index=838 status=no_positive_screen
118/128 index=1720 status=nonpositive_released_radius
119/128 index=220 status=no_positive_screen
120/128 index=1678 status=nonpositive_released_radius
121/128 index=806 status=no_positive_screen
122/128 index=1446 status=no_positive_screen
123/128 index=6 status=no_positive_screen
124/128 index=172 status=no_positive_screen
125/128 index=791 status=positive_screen
126/128 index=1679 status=no_positive_screen
127/128 index=212 status=no_positive_screen
128/128 index=1305 status=no_positive_screen
{
  "cohort_size": 128,
  "positive_radius_count": 107,
  "positive_screen_count": 12
}
