Files already downloaded and verified
index=4924 verified=True distance=0.45765121
index=5089 verified=True distance=0.31155962
index=8654 verified=True distance=0.33155632
index=6665 verified=True distance=0.28426349
index=634 verified=False distance=0.30678290
index=5211 verified=False distance=0.25699188
{
  "status": "confirmation_complete",
  "protocol_sha256": "b08c157557faeb8eb0a3d0f59c3fc2183b5398a513883dffaf2ea3448d4afd1d",
  "search_summary_sha256": "ad96778b0698ab4ceb9491190ec474dac6d2b61412642fa14c9dc83e08aed245",
  "familywise_alpha": 0.001,
  "per_comparison_alpha": 9.259259259259259e-06,
  "selected_pair_count": 6,
  "verified_pair_count": 4,
  "elapsed_seconds": 903.2088654525578,
  "rows": [
    {
      "index": 4924,
      "original_label": 7,
      "alternative_label": 5,
      "released_radius": 0.45810929597913236,
      "l2_distance": 0.45765120723238983,
      "inside_released_radius": true,
      "endpoints": [
        {
          "endpoint": "original",
          "winner": 7,
          "counts": [
            0,
            0,
            0,
            0,
            0,
            965,
            0,
            52295,
            0,
            0
          ],
          "retained": 53260,
          "pairwise_pvalues": [
            0.0,
            0.0,
            0.0,
            0.0,
            0.0,
            0.0,
            0.0,
            0.0,
            0.0
          ],
          "winner_verified": true
        },
        {
          "endpoint": "perturbed",
          "winner": 5,
          "counts": [
            0,
            0,
            0,
            0,
            0,
            17611,
            0,
            7182,
            0,
            0
          ],
          "retained": 24793,
          "pairwise_pvalues": [
            0.0,
            0.0,
            0.0,
            0.0,
            0.0,
            0.0,
            0.0,
            0.0,
            0.0
          ],
          "winner_verified": true
        }
      ],
      "label_change_verified": true
    },
    {
      "index": 5089,
      "original_label": 6,
      "alternative_label": 3,
      "released_radius": 0.3118715333530374,
      "l2_distance": 0.3115596236874984,
      "inside_released_radius": true,
      "endpoints": [
        {
          "endpoint": "original",
          "winner": 6,
          "counts": [
            0,
            0,
            27,
            2345,
            1,
            51,
            32339,
            0,
            0,
            0
          ],
          "retained": 34763,
          "pairwise_pvalues": [
            0.0,
            0.0,
            0.0,
            0.0,
            0.0,
            0.0,
            0.0,
            0.0,
            0.0
          ],
          "winner_verified": true
        },
        {
          "endpoint": "perturbed",
          "winner": 3,
          "counts": [
            0,
            0,
            20,
            17483,
            1,
            43,
            9196,
            0,
            0,
            0
          ],
          "retained": 26743,
          "pairwise_pvalues": [
            0.0,
            0.0,
            0.0,
            0.0,
            0.0,
            0.0,
            0.0,
            0.0,
            0.0
          ],
          "winner_verified": true
        }
      ],
      "label_change_verified": true
    },
    {
      "index": 8654,
      "original_label": 2,
      "alternative_label": 3,
      "released_radius": 0.331888210507784,
      "l2_distance": 0.3315563233052051,
      "inside_released_radius": true,
      "endpoints": [
        {
          "endpoint": "original",
          "winner": 2,
          "counts": [
            0,
            0,
            8736,
            358,
            0,
            0,
            0,
            0,
            0,
            0
          ],
          "retained": 9094,
          "pairwise_pvalues": [
            0.0,
            0.0,
            0.0,
            0.0,
            0.0,
            0.0,
            0.0,
            0.0,
            0.0
          ],
          "winner_verified": true
        },
        {
          "endpoint": "perturbed",
          "winner": 3,
          "counts": [
            0,
            0,
            2052,
            4782,
            0,
            0,
            0,
            0,
            0,
            0
          ],
          "retained": 6834,
          "pairwise_pvalues": [
            0.0,
            0.0,
            5.181076339358267e-246,
            0.0,
            0.0,
            0.0,
            0.0,
            0.0,
            0.0
          ],
          "winner_verified": true
        }
      ],
      "label_change_verified": true
    },
    {
      "index": 6665,
      "original_label": 4,
      "alternative_label": 3,
      "released_radius": 0.2845480382824842,
      "l2_distance": 0.28426349453271293,
      "inside_released_radius": true,
      "endpoints": [
        {
          "endpoint": "original",
          "winner": 4,
          "counts": [
            0,
            0,
            1,
            1172,
            18244,
            31,
            0,
            12,
            0,
            0
          ],
          "retained": 19460,
          "pairwise_pvalues": [
            0.0,
            0.0,
            0.0,
            0.0,
            0.0,
            0.0,
            0.0,
            0.0,
            0.0
          ],
          "winner_verified": true
        },
        {
          "endpoint": "perturbed",
          "winner": 3,
          "counts": [
            3,
            0,
            0,
            7099,
            5741,
            17,
            0,
            8,
            0,
            0
          ],
          "retained": 12868,
          "pairwise_pvalues": [
            0.0,
            0.0,
            0.0,
            2.0856034413820036e-33,
            0.0,
            0.0,
            0.0,
            0.0,
            0.0
          ],
          "winner_verified": true
        }
      ],
      "label_change_verified": true
    },
    {
      "index": 634,
      "original_label": 7,
      "alternative_label": 4,
      "released_radius": 0.30709003260795975,
      "l2_distance": 0.3067828986962872,
      "inside_released_radius": true,
      "endpoints": [
        {
          "endpoint": "original",
          "winner": 7,
          "counts": [
            0,
            0,
            36,
            0,
            1873,
            0,
            0,
            36793,
            0,
            0
          ],
          "retained": 38702,
          "pairwise_pvalues": [
            0.0,
            0.0,
            0.0,
            0.0,
            0.0,
            0.0,
            0.0,
            0.0,
            0.0
          ],
          "winner_verified": true
        },
        {
          "endpoint": "perturbed",
          "winner": 4,
          "counts": [
            0,
            0,
            33,
            0,
            12135,
            0,
            0,
            11556,
            0,
            0
          ],
          "retained": 23724,
          "pairwise_pvalues": [
            0.0,
            0.0,
            0.0,
            0.0,
            0.0,
            0.0,
            8.653255000048633e-05,
            0.0,
            0.0
          ],
          "winner_verified": false
        }
      ],
      "label_change_verified": false
    },
    {
      "index": 5211,
      "original_label": 7,
      "alternative_label": 3,
      "released_radius": 0.25724915612182264,
      "l2_distance": 0.25699187533433043,
      "inside_released_radius": true,
      "endpoints": [
        {
          "endpoint": "original",
          "winner": 7,
          "counts": [
            473,
            0,
            0,
            1245,
            4,
            0,
            0,
            27299,
            0,
            0
          ],
          "retained": 29021,
          "pairwise_pvalues": [
            0.0,
            0.0,
            0.0,
            0.0,
            0.0,
            0.0,
            0.0,
            0.0,
            0.0
          ],
          "winner_verified": true
        },
        {
          "endpoint": "perturbed",
          "winner": 3,
          "counts": [
            290,
            0,
            0,
            7157,
            1,
            0,
            0,
            7754,
            0,
            0
          ],
          "retained": 15202,
          "pairwise_pvalues": [
            0.0,
            0.0,
            0.0,
            0.0,
            0.0,
            0.0,
            0.9999995154932428,
            0.0,
            0.0
          ],
          "winner_verified": false
        }
      ],
      "label_change_verified": false
    }
  ]
}
